Error in pyvideo-data/data/djangocon-2009/videos/cowboy-development-with-django.json: No date provided
Error in pyvideo-data/data/djangocon-2009/videos/custom-signals-for-uncoupled-design.json: No date provided
Error in pyvideo-data/data/djangocon-2009/videos/customizing-your-satchmo-store.json: No date provided
Error in pyvideo-data/data/djangocon-2009/videos/database-migrations--south--and-you.json: No date provided
Error in pyvideo-data/data/djangocon-2009/videos/django-on-jython--ready-for-production.json: No date provided
Error in pyvideo-data/data/djangocon-2009/videos/django-technical-design-panel.json: No date provided
Error in pyvideo-data/data/djangocon-2009/videos/djangocon-2009--a-socio-political-analysis-of-ope.json: No date provided
Error in pyvideo-data/data/djangocon-2009/videos/djangocon-2009--confessions-of-a-life-long-perl-b.json: No date provided
Error in pyvideo-data/data/djangocon-2009/videos/djangocon-2009--deploying-django.json: No date provided
Error in pyvideo-data/data/djangocon-2009/videos/djangocon-2009--django-is-obsolete--but-so-is-eve.json: No date provided
Error in pyvideo-data/data/djangocon-2009/videos/djangocon-2009--introduction-from-the-fake-jacob-.json: No date provided
Error in pyvideo-data/data/djangocon-2009/videos/djangocon-2009--lightning-talks-day-2.json: No date provided
Error in pyvideo-data/data/djangocon-2009/videos/djangocon-2009--lightning-talks-day-3.json: No date provided
Error in pyvideo-data/data/djangocon-2009/videos/djangocon-2009--real-time-web-and-other-buzzwords.json: No date provided
Error in pyvideo-data/data/djangocon-2009/videos/djangocon-2009--restful-ponies.json: No date provided
Error in pyvideo-data/data/djangocon-2009/videos/djangocon-2009--scaling-django-web-applications.json: No date provided
Error in pyvideo-data/data/djangocon-2009/videos/djangocon-2009--selling-django-to-your-superiors-.json: No date provided
Error in pyvideo-data/data/djangocon-2009/videos/djangocon-2009--token-testing-talk.json: No date provided
Error in pyvideo-data/data/djangocon-2009/videos/djangocon-2009--what-the-heck-went-wrong.json: No date provided
Error in pyvideo-data/data/djangocon-2009/videos/fighting-malnutrition-with-sms-and-django.json: No date provided
Error in pyvideo-data/data/djangocon-2009/videos/google-summer-of-code-overview-panel.json: No date provided
Error in pyvideo-data/data/djangocon-2009/videos/how-to-contribute-to-pinax.json: No date provided
Error in pyvideo-data/data/djangocon-2009/videos/how-to-name-your-open-source-django-project-after.json: No date provided
Error in pyvideo-data/data/djangocon-2009/videos/introduction-to-pinax.json: No date provided
Error in pyvideo-data/data/djangocon-2009/videos/making-your-postgresql-database-sing.json: No date provided
Error in pyvideo-data/data/djangocon-2009/videos/no--bad-pony.json: No date provided
Error in pyvideo-data/data/djangocon-2009/videos/now-what.json: No date provided
Error in pyvideo-data/data/djangocon-2009/videos/painless-django-app-localization-with-transifex.json: No date provided
Error in pyvideo-data/data/djangocon-2009/videos/pluggable--reusable-django-apps--a-use-case-and-p.json: No date provided
Error in pyvideo-data/data/djangocon-2009/videos/state-of-pinax.json: No date provided
Error in pyvideo-data/data/djangocon-2009/videos/ur-doing-it-wrong.json: No date provided
Error in pyvideo-data/data/djangocon-2009/videos/using-django-in-non-standard-ways.json: No date provided
Error in pyvideo-data/data/djangocon-2009/videos/when-not-to-use-the-orm--bulk-data-loading-strate.json: No date provided
Error in pyvideo-data/data/djangocon-2010/videos/djangocon-2010--alice-in-performanceland----down-.json: No date provided
Error in pyvideo-data/data/djangocon-2010/videos/djangocon-2010--alternative-views.json: No date provided
Error in pyvideo-data/data/djangocon-2010/videos/djangocon-2010--breaking-down-the-process-of-buil.json: No date provided
Error in pyvideo-data/data/djangocon-2010/videos/djangocon-2010--customizing-the-django-admin.json: No date provided
Error in pyvideo-data/data/djangocon-2010/videos/djangocon-2010--data-herding--how-to-shepherd-you.json: No date provided
Error in pyvideo-data/data/djangocon-2010/videos/djangocon-2010--domain-specific-frameworks---why-.json: No date provided
Error in pyvideo-data/data/djangocon-2010/videos/djangocon-2010--dsf-announcements-and-q-amp-a.json: No date provided
Error in pyvideo-data/data/djangocon-2010/videos/djangocon-2010--first-steps-in-performance-tuning.json: No date provided
Error in pyvideo-data/data/djangocon-2010/videos/djangocon-2010--how-to-sell-django.json: No date provided
Error in pyvideo-data/data/djangocon-2010/videos/djangocon-2010--large-problems-in-django--mostly-.json: No date provided
Error in pyvideo-data/data/djangocon-2010/videos/djangocon-2010--learning-a-new-codebase.json: No date provided
Error in pyvideo-data/data/djangocon-2010/videos/djangocon-2010--lightning-talks---day-1.json: No date provided
Error in pyvideo-data/data/djangocon-2010/videos/djangocon-2010--making-the-leap-to-django.json: No date provided
Error in pyvideo-data/data/djangocon-2010/videos/djangocon-2010--maps-of-imaginary-lands.json: No date provided
Error in pyvideo-data/data/djangocon-2010/videos/djangocon-2010--massaging-the-pony--message-queue.json: No date provided
Error in pyvideo-data/data/djangocon-2010/videos/djangocon-2010--modeling-challenges.json: No date provided
Error in pyvideo-data/data/djangocon-2010/videos/djangocon-2010--multi-database-patterns.json: No date provided
Error in pyvideo-data/data/djangocon-2010/videos/djangocon-2010--nosql-and-django-panel.json: No date provided
Error in pyvideo-data/data/djangocon-2010/videos/djangocon-2010--pony-pwning.json: No date provided
Error in pyvideo-data/data/djangocon-2010/videos/djangocon-2010--rethinking-the-reusable-applicati.json: No date provided
Error in pyvideo-data/data/djangocon-2010/videos/djangocon-2010--scaling-the-world--39-s-largest-d.json: No date provided
Error in pyvideo-data/data/djangocon-2010/videos/djangocon-2010--so-you-want-to-be-a-core-develope.json: No date provided
Error in pyvideo-data/data/djangocon-2010/videos/djangocon-2010--sprints-kickoff.json: No date provided
Error in pyvideo-data/data/djangocon-2010/videos/djangocon-2010--state-of-pinax.json: No date provided
Error in pyvideo-data/data/djangocon-2010/videos/djangocon-2010--step-away-from-that-database.json: No date provided
Error in pyvideo-data/data/djangocon-2010/videos/djangocon-2010--switching-addons-mozilla-org-from.json: No date provided
Error in pyvideo-data/data/djangocon-2010/videos/djangocon-2010--teaching-an-old-pony-new-tricks--.json: No date provided
Error in pyvideo-data/data/djangocon-2010/videos/djangocon-2010--technical-design-panel.json: No date provided
Error in pyvideo-data/data/djangocon-2010/videos/djangocon-2010--topics-of-interest.json: No date provided
Error in pyvideo-data/data/djangocon-2010/videos/djangocon-2010--treehugging.json: No date provided
Error in pyvideo-data/data/djangocon-2010/videos/djangocon-2010--typewar--a-case-study.json: No date provided
Error in pyvideo-data/data/djangocon-2010/videos/djangocon-2010--welcome-and-chairman--39-s-addres.json: No date provided
Error in pyvideo-data/data/djangocon-2010/videos/djangocon-2010--why-django-sucks--and-how-we-can-.json: No date provided
Error in pyvideo-data/data/djangocon-2011/videos/djangocon-2011--a-little-south-sanity.json: No date provided
Error in pyvideo-data/data/djangocon-2011/videos/djangocon-2011--a-summer-in-the-wild.json: No date provided
Error in pyvideo-data/data/djangocon-2011/videos/djangocon-2011--advanced-django-form-usage.json: No date provided
Error in pyvideo-data/data/djangocon-2011/videos/djangocon-2011--advanced-security-topics.json: No date provided
Error in pyvideo-data/data/djangocon-2011/videos/djangocon-2011--benevolent-designer-for-life--39-.json: No date provided
Error in pyvideo-data/data/djangocon-2011/videos/djangocon-2011--best-practices-for-front-end-djan.json: No date provided
Error in pyvideo-data/data/djangocon-2011/videos/djangocon-2011--building-apis-in-django-with-tast.json: No date providedcontent/kiwi-pycon-2014/deploying-test-and-production-systems-with-ansibl.rst:18: (ERROR/3) Malformed table.
No bottom table border found.

= = = = = = = = = = = = = = = = = = = = = = = = = = = = = = = = =
Juergen Brendel: Deploying test and production systems with Ansible = =
= = = = = = = = = = = = = = = = = = = = = = = = = = = = = = = @ Kiwi
PyCon 2014 - Sunday, 14 Sep 2014 - Track 1 http://kiwi.pycon.org/

**Audience level**

Intermediate

**Description**

This talk presents Ansible as a light-weight, simple and effective
configuration management tool. We will see why configuration management
is important and how we can use Ansible to automatically deploy and test
full production clusters - showcased with a sample Django application -
with just a single command and in a number of different environments.

**Abstract**

With modern configuration, deployment and orchestration systems,
software developers can easily maintain, bring up and tear down local
test systems, staging, demonstration and production systems, which are
100% identical to each other.

This presentation will give an introduction to Ansible, a modern, simple
and efficient configuration management system. We will see how we can
deploy complete clusters (with load balancers, database and some Django
application servers), reliably and fully automated, either on dedicated
servers, on local virtual machines or in the cloud.

If all goes well, there will even be a live demo in which we will bring
up a complete cluster or two in different environments, to illustrate
the power of this approach.

**Slides**

https://speakerdeck.com/nzpug/juergen-brendel-deploying-test-and-production-systems-with-ansible
content/kiwi-pycon-2014/external-dependencies-in-web-apps-system-libs-ar.rst:18: (ERROR/3) Malformed table.
No bottom table border found.

= = = = = = = = = = = = = = = = = = = = = = = = = = = = = = = = =
Francois Marier: External dependencies in web apps: system libs are not
that scary = = = = = = = = = = = = = = = = = = = = = = = = = = = = = = =
= = @ Kiwi PyCon 2014 - Saturday, 13 Sep 2014 - Track 2
http://kiwi.pycon.org/

**Audience level**

Intermediate

**Description**

Going to production is very different from setting up a development
environment. We have great tools like pip and virtualenv for the latter
but they lead to maintenance anti-patterns when they are used for
production deployments. We don't "pip install apache" and instead
leverage the QA and integration work of distro developers, so why not
rely on distros for more than just the base system?

**Abstract**

Today's web applications often have a lot of external dependencies.
Start off with a basic framework, sprinkle a couple of handy plugins or
python modules and finish with a generous serving of JavaScript
front-end libraries.

What you end up is a gigantic mess of code from different sources which
follow very different release schedules and policies. Language-specific
package managers can automate much of the dependency resolution and
package installation, but you're on your own in terms of integration and
quality assurance. Also, the minute you start distributing someone
else's code with your project, you become responsible for the security
of that external code.

You could of course decide to avoid the problem by writing it all
yourself from scratch. Realistically though, you're not likely to go
past the stage of a toy WSGI app using that approach because it's a lot
of work.

This talk will examine the decision that the Libravatar [1] project made
to outsource much of its maintenance burden to the distro by using
system packages for almost everything.

[1] https://www.libravatar.org/

**Slides**

https://speakerdeck.com/nzpug/francois-marier-external-dependencies-in-web-apps-system-libs-are-not-that-scary
content/kiwi-pycon-2014/francesco-biscani-a-snake-in-space-keynote.rst:18: (ERROR/3) Malformed table.
No bottom table border found.

= = = = = = = = = = = = = = = = = = = = = = = = = = = = = = = = =
Francesco Biscani: A Snake in Space - The rise of scientific Python in
Astrodynamics and Astronomy = = = = = = = = = = = = = = = = = = = = = =
= = = = = = = = = = = @ Kiwi PyCon 2014 - Sunday, 14 Sep 2014 - Keynote
http://kiwi.pycon.org/

**Slides**

https://speakerdeck.com/nzpug/francesco-biscani-a-snake-in-space-the-rise-of-scientific-python-in-astrodynamics-and-astronomy-keynote
content/kiwi-pycon-2014/java-for-python-developers.rst:18: (ERROR/3) Malformed table.
No bottom table border found.

= = = = = = = = = = = = = = = = = = = = = = = = = = = = = = = = =
Christopher Neugebauer: Java for Python Developers = = = = = = = = = = =
= = = = = = = = = = = = = = = = = = = = = = @ Kiwi PyCon 2014 -
Saturday, 13 Sep 2014 - Track 1 http://kiwi.pycon.org/

**Audience level**

Intermediate

**Description**

Stop looking at me like that.

No really. Stop it. I'm serious.

Calling Java APIs from CPython is one of the more interesting challenges
facing developers who want to get Python working as a first-class
language for developing apps for Android.

This talk looks at solutions, past and present, for making the world of
Java accessible from Python.

**Abstract**

Stop looking at me like that.

No really. Stop it. I'm serious. Why are you looking so confused?

Yes. I'm talking about Java at a Python conference. What of it?

OK, well, I'm actually talking about avoiding having to code in Java,
when circumstances almost certainly require you to code in Java… or at
least require your applications to run in a Java environment.

One of the more interesting challenges for Python developers targetting
Android is being able to call Java APIs from CPython. Environments like
Android require developers to use Java to get access to Android's user
interface libraries. Perhaps more importantly, Android has APIs for
accessing hardware features like accelerometers and geolocation, and
software features like notifications, but all of these have a Java
interface.

This talk looks at how these problems have been solved, and where they
haven't, approaches to solutions that might exist.

**Slides**

https://speakerdeck.com/nzpug/christopher-neugebauer-java-for-python-developers
content/kiwi-pycon-2014/lightning-talks-12.rst:18: (ERROR/3) Malformed table.
No bottom table border found.

= = = = = = = = = = = = = = = = = = = = = = = = = = = = = = = = =
Lightning Talks = = = = = = = = = = = = = = = = = = = = = = = = = = = =
= = = = = @ Kiwi PyCon 2014 - Sunday, 14 Sep 2014 - Track 1
http://kiwi.pycon.org/

01 - Jen Zajac - PRIZE DRAW - 1:44 02 - Steven Ellis - LCA Auckland 2015
- 5:43 03 - Jay Gattuso - Heritage Preserve; #WeWantJam - 8:54 04 -
James Polly - Fewer Boilerplate! - 12:07 05 - Aurynn Shaw - Let me show
you the world - 16:19 06 - Ronen Baram - MySQL Performance Schema -
19:41 07 - Douglas Bagnall - Julia - 22:14 08 - Grant Paton-Simpson /
Richard Shea - NZ Python Promotion Pamhplet 24:50 09 - Elliot
Paton-Simpson - Blackbox - 27:23 10 - Danny Adair / Thomi Richards - New
Zealand Python User Group - 30:45 11 - Ben Olsen - Docker & Python -
35:37 12 - Tim Penhey - Object Factories for TDD - 40:46 13 - Hamish
Campbell - Horrible Python Obfuscation Tricks - 43:20 14 - Nick Wareing
- Arduino Pull Request Notifier - 48:35 15 - Giovanni Moretti -
Dynamically creating Python tutorials and presentations - 53:12 16 -
Robert Coup - Bad-ass Postgres Tricks - 58:36 17 - Juergen Brendel -
"One button" test and deploy on AWS - 1:03:59 18 - Tobi Wulff - Python
Anti-Patterns - 1:09:14 19 - Sanjay Wadhwa - Map Production using Python
scripts - 1:14:32 20 - Chris McDowall - Making weird maps with Python -
1:19:34
content/kiwi-pycon-2014/multimedia-programming-using-gstreamer-and-of-c.rst:18: (ERROR/3) Malformed table.
No bottom table border found.

= = = = = = = = = = = = = = = = = = = = = = = = = = = = = = = = =
Douglas Bagnall: Multimedia programming using Gstreamer (and, of course,
Python) = = = = = = = = = = = = = = = = = = = = = = = = = = = = = = = =
= @ Kiwi PyCon 2014 - Sunday, 14 Sep 2014 - Track 1
http://kiwi.pycon.org/

**Audience level**

Intermediate

**Description**

Gstreamer is a multimedia framework consisting of hundreds of
interchangeable elements that can be plugged together like toy train
tracks to create efficient processing pipelines. This talk will show how
easy it is to put together reasonably complex Gstreamer pipelines with
Python, and indicate why you might want to. It covers Gstreamer 1.x and
both versions of CPython.

**Abstract**

Gstreamer [1] is a mature framework for developing applications that
decode, encode, play, analyse, broadcast, or otherwise manipulate audio
and video streams. It is used on phones and embedded devices, all over
the linux desktop [2], and in giant multimedia displays.

It is easy to create simple Gstreamer pipelines using shell one-liners,
but with Python it is possible to go beyond that, dealing with multiple
parallel streams and reconfiguring pipelines on the fly. Examples drawn
from real life problems include interleaving several hundred audio
streams into one multi-channel stream and splitting a video stream into
4 parts and sending each to a different projector for perfect
syncronisation.

It is also possible to write a Gstreamer plugin in Python, which will be
briefly touched on.

[1] http://gstreamer.freedesktop.org/ [2]
http://gstreamer.freedesktop.org/apps/

**Slides**

https://speakerdeck.com/nzpug/douglas-bagnall-multimedia-programming-using-gstreamer-and-of-course-python
Error in pyvideo-data/data/djangocon-eu-2010/videos/djangoconeu-alexgaynorwhatnosqlsupportinthedjango.json: No date provided
Error in pyvideo-data/data/djangocon-eu-2010/videos/djangoconeu-andrewgodwinsouthnewandold425flv.json: No date provided
Error in pyvideo-data/data/djangocon-eu-2010/videos/djangoconeu-arminronacher355flv.json: No date provided
Error in pyvideo-data/data/djangocon-eu-2010/videos/djangoconeu-benotchesneaugunicorndjangoandwsgi714.json: No date provided
Error in pyvideo-data/data/djangocon-eu-2010/videos/djangoconeu-benotchesneaurelaxyourprojectwithcouc.json: No date provided
Error in pyvideo-data/data/djangocon-eu-2010/videos/djangoconeu-djangotechnicaldesignpanel420flv.json: No date provided
Error in pyvideo-data/data/djangocon-eu-2010/videos/djangoconeu-ericholschergettingthemostoutofyourte.json: No date provided
Error in pyvideo-data/data/djangocon-eu-2010/videos/djangoconeu-honzakrl224flv.json: No date provided
Error in pyvideo-data/data/djangocon-eu-2010/videos/djangoconeu-idangazitdesignfordevelopersmakingyou.json: No date provided
Error in pyvideo-data/data/djangocon-eu-2010/videos/djangoconeu-jacobkaplanmosskeynote270flv.json: No date provided
Error in pyvideo-data/data/djangocon-eu-2010/videos/djangoconeu-jirkaschfer340flv.json: No date provided
Error in pyvideo-data/data/djangocon-eu-2010/videos/djangoconeu-joergkressredsquaredrivinginnovationa.json: No date provided
Error in pyvideo-data/data/djangocon-eu-2010/videos/djangoconeu-keynotejanlehnhardt551flv.json: No date provided
Error in pyvideo-data/data/djangocon-eu-2010/videos/djangoconeu-lightingtalksthirdday663flv.json: No date provided
Error in pyvideo-data/data/djangocon-eu-2010/videos/djangoconeu-lightningtalksmontag905flv.json: No date provided
Error in pyvideo-data/data/djangocon-eu-2010/videos/djangoconeu-lightningtalkssecondday965flv.json: No date provided
Error in pyvideo-data/data/djangocon-eu-2010/videos/djangoconeu-maciejpasternackibestofbothworldsdepl.json: No date provided
Error in pyvideo-data/data/djangocon-eu-2010/videos/djangoconeu-michaelpjungefficientdjangohostingfor.json: No date provided
Error in pyvideo-data/data/djangocon-eu-2010/videos/djangoconeu-nosqlpanel416m4v.json: No date provided
Error in pyvideo-data/data/djangocon-eu-2010/videos/djangoconeu-patricklauberintroductiontodjangocms1.json: No date provided
Error in pyvideo-data/data/djangocon-eu-2010/videos/djangoconeu-peterbengtssonusingmongodbinyourdjang.json: No date provided
Error in pyvideo-data/data/djangocon-eu-2010/videos/djangoconeu-russellkeithmageenobadponyorexplainin.json: No date provided
Error in pyvideo-data/data/djangocon-eu-2010/videos/djangoconeu-seanoconnor982flv.json: No date provided
Error in pyvideo-data/data/djangocon-eu-2010/videos/djangoconeu-song385flv.json: No date provided
Error in pyvideo-data/data/djangocon-eu-2010/videos/djangoconeu-willhardy530flv.json: No date provided
Error in pyvideo-data/data/djangocon-eu-2011/videos/0_3-cmses-in-45-minutesm4v.json: No date provided
Error in pyvideo-data/data/djangocon-eu-2011/videos/0_an-iphone-python-love-affair-building-apis-for-.json: No date provided
Error in pyvideo-data/data/djangocon-eu-2011/videos/0_bitbucket-lessons-learnedm4v.json: No date provided
Error in pyvideo-data/data/djangocon-eu-2011/videos/0_celery-an-asynchronous-task-queue-not-only-for-.json: No date provided
Error in pyvideo-data/data/djangocon-eu-2011/videos/0_closingm4v.json: No date provided
Error in pyvideo-data/data/djangocon-eu-2011/videos/0_continuous-integration-and-continuous-deploymen.json: No date provided
Error in pyvideo-data/data/djangocon-eu-2011/videos/0_core-developers-panelm4v.json: No date provided
Error in pyvideo-data/data/djangocon-eu-2011/videos/0_deploying-at-an-unusual-scalem4v.json: No date provided
Error in pyvideo-data/data/djangocon-eu-2011/videos/0_django-and-pypy-performant-is-a-wordm4v.json: No date provided
Error in pyvideo-data/data/djangocon-eu-2011/videos/0_django-on-rails-getting-resourcefulm4v.json: No date provided
Error in pyvideo-data/data/djangocon-eu-2011/videos/0_from-static-to-real-time-one-app-s-journey-into.json: No date provided
Error in pyvideo-data/data/djangocon-eu-2011/videos/0_how-i-learned-to-stop-worrying-and-love-python-.json: No date provided
Error in pyvideo-data/data/djangocon-eu-2011/videos/0_integrating-the-enterprise-using-djangom4v.json: No date provided
Error in pyvideo-data/data/djangocon-eu-2011/videos/0_large-django-sites-at-mozillam4v.json: No date provided
Error in pyvideo-data/data/djangocon-eu-2011/videos/0_lightning-talks-mondaym4v.json: No date provided
Error in pyvideo-data/data/djangocon-eu-2011/videos/0_lightning-talks-tuesdaym4v.json: No date provided
Error in pyvideo-data/data/djangocon-eu-2011/videos/0_one-size-fits-all-responsive-web-design-with-dj.json: No date provided
Error in pyvideo-data/data/djangocon-eu-2011/videos/0_openingm4v.json: No date provided
Error in pyvideo-data/data/djangocon-eu-2011/videos/0_reusable-apps-using-eight-spacesm4v.json: No date provided
Error in pyvideo-data/data/djangocon-eu-2011/videos/0_scalability-panelm4v.json: No date provided
Error in pyvideo-data/data/djangocon-eu-2011/videos/0_sprint-introductionm4v.json: No date provided
Error in pyvideo-data/data/pycon-au-2010/videos/pyconau-2010--an-introduction-to-processing.json: No date provided
Error in pyvideo-data/data/pycon-au-2010/videos/pyconau-2010--app-engine-101.json: No date provided
Error in pyvideo-data/data/pycon-au-2010/videos/pyconau-2010--building-the-wave-robots-api--behin.json: No date provided
Error in pyvideo-data/data/pycon-au-2010/videos/pyconau-2010--displaying-australian-datasets-with.json: No date provided
Error in pyvideo-data/data/pycon-au-2010/videos/pyconau-2010--don--39-t-break-it--continuous-inte.json: No date provided
Error in pyvideo-data/data/pycon-au-2010/videos/pyconau-2010--esky--keep-your-frozen-apps-fresh.json: No date provided
Error in pyvideo-data/data/pycon-au-2010/videos/pyconau-2010--fast-engineering-computation-in-wit.json: No date provided
Error in pyvideo-data/data/pycon-au-2010/videos/pyconau-2010--genropy---a-framework-for-creating-.json: No date provided
Error in pyvideo-data/data/pycon-au-2010/videos/pyconau-2010--getting-started-with-apache-mod-wsg.json: No date provided
Error in pyvideo-data/data/pycon-au-2010/videos/pyconau-2010--glamkit--a-harder--better--faster--.json: No date provided
Error in pyvideo-data/data/pycon-au-2010/videos/pyconau-2010--hard-real-time-python--or--giant-ro.json: No date provided
Error in pyvideo-data/data/pycon-au-2010/videos/pyconau-2010--introducing-python-to-a-java-shop.json: No date provided
Error in pyvideo-data/data/pycon-au-2010/videos/pyconau-2010--keynote--mark-pesce---quot-how-not-.json: No date provided
Error in pyvideo-data/data/pycon-au-2010/videos/pyconau-2010--keynote--nick-hodge---quot-ironpyth.json: No date provided
Error in pyvideo-data/data/pycon-au-2010/videos/pyconau-2010--lightning-talks---saturday.json: No date provided
Error in pyvideo-data/data/pycon-au-2010/videos/pyconau-2010--lightning-talks---sunday.json: No date provided
Error in pyvideo-data/data/pycon-au-2010/videos/pyconau-2010--making-your-python-code-fast.json: No date provided
Error in pyvideo-data/data/pycon-au-2010/videos/pyconau-2010--multiple--heterogeneous-models-in-p.json: No date provided
Error in pyvideo-data/data/pycon-au-2010/videos/pyconau-2010--need-for-speed.json: No date provided
Error in pyvideo-data/data/pycon-au-2010/videos/pyconau-2010--plone-for-python-developers.json: No date provided
Error in pyvideo-data/data/pycon-au-2010/videos/pyconau-2010--python-goes-to-the-movies.json: No date provided
Error in pyvideo-data/data/pycon-au-2010/videos/pyconau-2010--python-in-video-games-and-multimedi.json: No date provided
Error in pyvideo-data/data/pycon-au-2010/videos/pyconau-2010--state-of-python.json: No date provided
Error in pyvideo-data/data/pycon-au-2010/videos/pyconau-2010--the-future-is-soon.json: No date provided
Error in pyvideo-data/data/pycon-au-2010/videos/pyconau-2010--using-python-for-natural-language-g.json: No date provided
Error in pyvideo-data/data/pycon-au-2010/videos/pyconau-2010--using-python-in-a-scientific-real-t.json: No date provided
Error in pyvideo-data/data/djangocon-2011/videos/djangocon-2011--cache-rules-everything-around-me.json: No date provided
Error in pyvideo-data/data/djangocon-2011/videos/djangocon-2011--confessions-of-joe-developer.json: No date provided
Error in pyvideo-data/data/djangocon-2011/videos/djangocon-2011--deployment--daemons-and-datacente.json: No date provided
Error in pyvideo-data/data/djangocon-2011/videos/djangocon-2011--django-core-dev-panel.json: No date provided
Error in pyvideo-data/data/djangocon-2011/videos/djangocon-2011--django-hosting-panel.json: No date provided
Error in pyvideo-data/data/djangocon-2011/videos/djangocon-2011--django-package-thunderdome--is-yo.json: No date provided
Error in pyvideo-data/data/djangocon-2011/videos/djangocon-2011--fireside-chat-with-a-bdfl.json: No date provided
Error in pyvideo-data/data/djangocon-2011/videos/djangocon-2011--from-designer-to-django--39-er-in.json: No date provided
Error in pyvideo-data/data/djangocon-2011/videos/djangocon-2011--keynote---brad-fitzpatrick.json: No date provided
Error in pyvideo-data/data/djangocon-2011/videos/djangocon-2011--keynote---david-eaves.json: No date provided
Error in pyvideo-data/data/djangocon-2011/videos/djangocon-2011--keynote---glyph-lefkowitz.json: No date provided
Error in pyvideo-data/data/djangocon-2011/videos/djangocon-2011--lightning-talks---thursday-mornin.json: No date provided
Error in pyvideo-data/data/djangocon-2011/videos/djangocon-2011--lightning-talks---tuesday-morning.json: No date provided
Error in pyvideo-data/data/djangocon-2011/videos/djangocon-2011--lightning-talks---wednesday-morni.json: No date provided
Error in pyvideo-data/data/djangocon-2011/videos/djangocon-2011--making-interactive-maps-for-the-w.json: No date provided
Error in pyvideo-data/data/djangocon-2011/videos/djangocon-2011--making-the-django-orm-multilingua.json: No date provided
Error in pyvideo-data/data/djangocon-2011/videos/djangocon-2011--monkeying-around-with-python-at-n.json: No date provided
Error in pyvideo-data/data/djangocon-2011/videos/djangocon-2011--pinax-after-three-years--lessons-.json: No date provided
Error in pyvideo-data/data/djangocon-2011/videos/djangocon-2011--real-time-django.json: No date provided
Error in pyvideo-data/data/djangocon-2011/videos/djangocon-2011--real-world-django-deployment-usin.json: No date provided
Error in pyvideo-data/data/djangocon-2011/videos/djangocon-2011--restful-apis--promises--amp--lies.json: No date provided
Error in pyvideo-data/data/djangocon-2011/videos/djangocon-2011--rtfm----write-the-friendly-manual.json: No date provided
Error in pyvideo-data/data/djangocon-2011/videos/djangocon-2011--safely-deploying-on-the-cutting-e.json: No date provided
Error in pyvideo-data/data/djangocon-2011/videos/djangocon-2011--secrets-of-postgresql-performance.json: No date provided
Error in pyvideo-data/data/djangocon-2011/videos/djangocon-2011--state-of-the-dsf-keynote.json: No date provided
Error in pyvideo-data/data/djangocon-2011/videos/djangocon-2011--taming-dependencies-with-pip.json: No date provided
Error in pyvideo-data/data/djangocon-2011/videos/djangocon-2011--teaching-django-to-comrades.json: No date provided
Error in pyvideo-data/data/djangocon-2011/videos/djangocon-2011--testing--the-developer-strikes-ba.json: No date provided
Error in pyvideo-data/data/djangocon-2011/videos/djangocon-2011--testing-with-lettuce-and-splinter.json: No date provided
Error in pyvideo-data/data/djangocon-2011/videos/djangocon-2011--the-story-and-tech-of-read-the-do.json: No date provided
Error in pyvideo-data/data/kiwi-pycon-2009/videos/stuart-mitchell---operations-research-and-optimiz.json: No date provided
Error in pyvideo-data/data/kiwi-pycon-2009/videos/tim-knapp---getting-all-your-web-apps-to-wear-the.json: No date provided
Error in pyvideo-data/data/kiwi-pycon-2009/videos/tim-mcnamara---olpc-xo--python-bringing-education.json: No date provided
Error in pyvideo-data/data/kiwi-pycon-2009/videos/tim-penhey---launchpad--the-good--the-bad--and-th.json: No date provided
Error in pyvideo-data/data/kiwi-pycon-2009/videos/volker-kuhlmann---rapid-gui-application-developme.json: No date provided
Error in pyvideo-data/data/kiwi-pycon-2009/videos/wenchen-hol---coursebuilder--reusable-multimodal-.json: No date provided
13
13
13
13
13
13
Error in pyvideo-data/data/pycon-us-2009/videos/a-tour-of-python-standard-library--1-of-3.json: No date provided
Error in pyvideo-data/data/pycon-us-2009/videos/a-tour-of-python-standard-library--2-of-3.json: No date provided
Error in pyvideo-data/data/pycon-us-2009/videos/introduction-to-object-oriented-programming--1-of.json: No date provided
Error in pyvideo-data/data/pycon-us-2009/videos/introduction-to-object-oriented-programming--2-of.json: No date provided
Error in pyvideo-data/data/pycon-us-2009/videos/introduction-to-object-oriented-programming--3-of.json: No date provided
Error in pyvideo-data/data/pycon-us-2009/videos/pycon-2009--a-better-python-for-the-jvm.json: No date provided
Error in pyvideo-data/data/pycon-us-2009/videos/pycon-2009--a-configuration-comparison-in-python-.json: No date provided
Error in pyvideo-data/data/pycon-us-2009/videos/pycon-2009--a-curious-course-on-coroutines-and-c0.json: No date provided
Error in pyvideo-data/data/pycon-us-2009/videos/pycon-2009--a-curious-course-on-coroutines-and-c1.json: No date provided
Error in pyvideo-data/data/pycon-us-2009/videos/pycon-2009--a-curious-course-on-coroutines-and-co.json: No date provided
Error in pyvideo-data/data/pycon-us-2009/videos/pycon-2009--a-whirlwind-excursion-through-writing.json: No date provided
Error in pyvideo-data/data/pycon-us-2009/videos/pycon-2009--about-python-namespaces--and-code-obj.json: No date provided
Error in pyvideo-data/data/pycon-us-2009/videos/pycon-2009--advanced-sqlalchemy--part-1-of-3.json: No date provided
Error in pyvideo-data/data/pycon-us-2009/videos/pycon-2009--advanced-sqlalchemy--part-2-of-3.json: No date provided
Error in pyvideo-data/data/pycon-us-2009/videos/pycon-2009--advanced-sqlalchemy--part-3-of-3.json: No date provided
Error in pyvideo-data/data/pycon-us-2009/videos/pycon-2009--an-introduction-to-google-app-engine-.json: No date provided
Error in pyvideo-data/data/pycon-us-2009/videos/pycon-2009--an-introduction-to-google-app-engine0.json: No date provided
Error in pyvideo-data/data/pycon-us-2009/videos/pycon-2009--application-developing-with-ironpyth0.json: No date provided
Error in pyvideo-data/data/pycon-us-2009/videos/pycon-2009--application-developing-with-ironpyth1.json: No date provided
Error in pyvideo-data/data/pycon-us-2009/videos/pycon-2009--application-developing-with-ironpytho.json: No date provided
Error in pyvideo-data/data/pycon-us-2009/videos/pycon-2009--behind-the-scenes-of-everyblock-com--.json: No date provided
Error in pyvideo-data/data/pycon-us-2009/videos/pycon-2009--building-real-time-network-applicati0.json: No date provided
Error in pyvideo-data/data/pycon-us-2009/videos/pycon-2009--building-real-time-network-applicati1.json: No date provided
Error in pyvideo-data/data/pycon-us-2009/videos/pycon-2009--building-real-time-network-applicatio.json: No date provided
Error in pyvideo-data/data/pycon-us-2009/videos/pycon-2009--data-storage-in-python---an-overview-.json: No date provided
Error in pyvideo-data/data/pycon-us-2009/videos/pycon-2009--data-storage-in-python---an-overview0.json: No date provided
Error in pyvideo-data/data/pycon-us-2009/videos/pycon-2009--data-storage-in-python---an-overview1.json: No date provided
Error in pyvideo-data/data/pycon-us-2009/videos/pycon-2009--designing-a-web-framework--django--39.json: No date provided
Error in pyvideo-data/data/pycon-us-2009/videos/pycon-2009--django-in-the-real-world--part-1-of-3.json: No date provided
Error in pyvideo-data/data/pycon-us-2009/videos/pycon-2009--django-in-the-real-world--part-2-of-3.json: No date provided
Error in pyvideo-data/data/pycon-us-2009/videos/pycon-2009--django-in-the-real-world--part-3-of-3.json: No date provided
Error in pyvideo-data/data/pycon-us-2009/videos/pycon-2009--django-on-jython---101.json: No date provided
Error in pyvideo-data/data/pycon-us-2009/videos/pycon-2009--easy-concurrency-with-kamaelia--part-.json: No date provided
Error in pyvideo-data/data/pycon-us-2009/videos/pycon-2009--easy-concurrency-with-kamaelia--part0.json: No date provided
Error in pyvideo-data/data/pycon-us-2009/videos/pycon-2009--eggs-and-buildout-deployment-in-pyth0.json: No date provided
Error in pyvideo-data/data/pycon-us-2009/videos/pycon-2009--eggs-and-buildout-deployment-in-pyth1.json: No date provided
Error in pyvideo-data/data/pycon-us-2009/videos/pycon-2009--eggs-and-buildout-deployment-in-pytho.json: No date provided
Error in pyvideo-data/data/pycon-us-2009/videos/pycon-2009--faster-python-programs-through-optim0.json: No date provided
Error in pyvideo-data/data/pycon-us-2009/videos/pycon-2009--faster-python-programs-through-optim1.json: No date provided
Error in pyvideo-data/data/pycon-us-2009/videos/pycon-2009--faster-python-programs-through-optimi.json: No date provided
Error in pyvideo-data/data/pycon-us-2009/videos/pycon-2009--functional-testing-of-desktop-applica.json: No date provided
Error in pyvideo-data/data/pycon-us-2009/videos/pycon-2009--giving-back-and-helping-expand-the-py.json: No date provided
Error in pyvideo-data/data/pycon-us-2009/videos/pycon-2009--hands-on-with-trac-plugins--part-1-of.json: No date provided
Error in pyvideo-data/data/pycon-us-2009/videos/pycon-2009--hands-on-with-trac-plugins--part-2-of.json: No date provided
Error in pyvideo-data/data/pycon-us-2009/videos/pycon-2009--how-alterway-releases-web-application.json: No date provided
Error in pyvideo-data/data/pycon-us-2009/videos/pycon-2009--how-i-distribute-python-applications-.json: No date provided
Error in pyvideo-data/data/pycon-us-2009/videos/pycon-2009--how-to-build-applications-linux-distr.json: No date provided
Error in pyvideo-data/data/pycon-us-2009/videos/pycon-2009--intermediate-turbogears--part-1-of-3.json: No date provided
Error in pyvideo-data/data/pycon-us-2009/videos/pycon-2009--intermediate-turbogears--part-2-of-3.json: No date provided
Error in pyvideo-data/data/pycon-us-2009/videos/pycon-2009--intermediate-turbogears--part-3-of-3.json: No date provided
Error in pyvideo-data/data/pycon-us-2009/videos/pycon-2009--internet-programming-with-python--pa0.json: No date provided
Error in pyvideo-data/data/pycon-us-2009/videos/pycon-2009--internet-programming-with-python--pa1.json: No date provided
Error in pyvideo-data/data/pycon-us-2009/videos/pycon-2009--internet-programming-with-python--par.json: No date provided
Error in pyvideo-data/data/pycon-us-2009/videos/pycon-2009--introduction-to-functional-web-testi0.json: No date provided
Error in pyvideo-data/data/pycon-us-2009/videos/pycon-2009--introduction-to-functional-web-testin.json: No date provided
Error in pyvideo-data/data/pycon-us-2009/videos/pycon-2009--introduction-to-sqlalchemy--part-1-of.json: No date provided
Error in pyvideo-data/data/pycon-us-2009/videos/pycon-2009--introduction-to-sqlalchemy--part-2-of.json: No date provided
Error in pyvideo-data/data/pycon-us-2009/videos/pycon-2009--introduction-to-sqlalchemy--part-3-of.json: No date provided
Error in pyvideo-data/data/pycon-us-2009/videos/pycon-2009--introduction-to-turbogears2-and-wsgi-.json: No date provided
Error in pyvideo-data/data/pycon-us-2009/videos/pycon-2009--introduction-to-turbogears2-and-wsgi0.json: No date provided
Error in pyvideo-data/data/pycon-us-2009/videos/pycon-2009--keynote--reddit--steve-huffman-and-al.json: No date provided
Error in pyvideo-data/data/pyohio-2010/videos/pyohio-2010--building-your-own-kind-of-dictionary.json: No date provided
Error in pyvideo-data/data/pyohio-2010/videos/pyohio-2010--code-with-style.json: No date provided
Error in pyvideo-data/data/pyohio-2010/videos/pyohio-2010--controlling-unix-processes-using-sup.json: No date provided
Error in pyvideo-data/data/pyohio-2010/videos/pyohio-2010--genetic-programming-in-python.json: No date provided
Error in pyvideo-data/data/pyohio-2010/videos/pyohio-2010--getting-to-know-mongodb-using-python.json: No date provided
Error in pyvideo-data/data/pyohio-2010/videos/pyohio-2010--gui-tools.json: No date provided
Error in pyvideo-data/data/pyohio-2010/videos/pyohio-2010--implementation-of-a-numerical-simula.json: No date provided
Error in pyvideo-data/data/pyohio-2010/videos/pyohio-2010--lap-around-ironpython.json: No date provided
Error in pyvideo-data/data/pyohio-2010/videos/pyohio-2010--lightning-talks.json: No date provided
Error in pyvideo-data/data/pyohio-2010/videos/pyohio-2010--log-analysis-with-python.json: No date provided
Error in pyvideo-data/data/pyohio-2010/videos/pyohio-2010--making-it-go-faster.json: No date provided
Error in pyvideo-data/data/pyohio-2010/videos/pyohio-2010--processing-large-datasets-with-hadoo.json: No date provided
Error in pyvideo-data/data/pyohio-2010/videos/pyohio-2010--project-management-101.json: No date provided
Error in pyvideo-data/data/pyohio-2010/videos/pyohio-2010--pypy-and-unladen-swallow--making-you.json: No date provided
Error in pyvideo-data/data/pyohio-2010/videos/pyohio-2010--python-101-for-the--net-developer.json: No date provided
Error in pyvideo-data/data/pyohio-2010/videos/pyohio-2010--python-and-entrepreneurship.json: No date provided
Error in pyvideo-data/data/pyohio-2010/videos/pyohio-2010--so-you-just-took--quot-python-101-qu.json: No date provided
Error in pyvideo-data/data/pyohio-2010/videos/pyohio-2010--splunking-with-python.json: No date provided
Error in pyvideo-data/data/pyohio-2010/videos/pyohio-2010--teach-me-python-bugfixing.json: No date provided
Error in pyvideo-data/data/pyohio-2010/videos/pyohio-2010--wrangling-the-bits--standardizing-ho.json: No date provided
Error in pyvideo-data/data/pyohio-2011/videos/pyohio-2011--aspen--a-next-generation-web-framewo.json: No date provided
Error in pyvideo-data/data/pyohio-2011/videos/pyohio-2011--bringing-modern-python-to-the-atari.json: No date provided
Error in pyvideo-data/data/pyohio-2011/videos/pyohio-2011--commercial-gui-development-with-pyth.json: No date provided
Error in pyvideo-data/data/pyohio-2011/videos/pyohio-2011--consuming-web-apis-with-python.json: No date provided
Error in pyvideo-data/data/pyohio-2011/videos/pyohio-2011--creating-web-apis-that-are-a-joy-to-.json: No date provided
Error in pyvideo-data/data/pyohio-2011/videos/pyohio-2011--data-transfer-objects-are-a-disease-.json: No date provided
Error in pyvideo-data/data/pyohio-2011/videos/pyohio-2011--django-and-google-app-engine--why-i-.json: No date provided
Error in pyvideo-data/data/pyohio-2011/videos/pyohio-2011--evolving-an-internal-web-service.json: No date provided
Error in pyvideo-data/data/pyohio-2011/videos/pyohio-2011--exchange-digital-money-using-bitcoin.json: No date provided
Error in pyvideo-data/data/pyohio-2011/videos/pyohio-2011--htsql-is-a-wsgi-reporting-toolkit-fo.json: No date provided
Error in pyvideo-data/data/pyohio-2011/videos/pyohio-2011--interactive-command-line-interpreter.json: No date provided
Error in pyvideo-data/data/pyohio-2011/videos/pyohio-2011--multi-player-games-using-panda3d-and.json: No date provided
Error in pyvideo-data/data/pyohio-2011/videos/pyohio-2011--php-to-python-with-no-regrets.json: No date provided
Error in pyvideo-data/data/pyohio-2011/videos/pyohio-2011--python--parsing-and-you.json: No date provided
Error in pyvideo-data/data/pyohio-2011/videos/pyohio-2011--python-100.json: No date provided
Error in pyvideo-data/data/pyohio-2011/videos/pyohio-2011--python-101.json: No date provided
Error in pyvideo-data/data/pyohio-2011/videos/pyohio-2011--python-102.json: No date provided
Error in pyvideo-data/data/pyohio-2011/videos/pyohio-2011--python-and-entrepreneurship.json: No date provided
Error in pyvideo-data/data/pyohio-2011/videos/pyohio-2011--saturday-lightning-talks.json: No date provided
Error in pyvideo-data/data/pyohio-2011/videos/pyohio-2011--soft-skillz--they-aren--39-t-just-fo.json: No date provided
Error in pyvideo-data/data/pyohio-2011/videos/pyohio-2011--sqlalchemy-tutorial.json: No date provided
Error in pyvideo-data/data/pyohio-2011/videos/pyohio-2011--sunday-lightning-talks.json: No date provided
Error in pyvideo-data/data/pyohio-2011/videos/pyohio-2011--toilets-and-teleports---a-study-in-m.json: No date provided
Error in pyvideo-data/data/pyohio-2011/videos/pyohio-2011--using-fabric---from-a-sysadmin--39-s.json: No date providedcontent/djangocon-2012/cryptography-for-django-applications.rst:76: (SEVERE/4) Title level inconsistent:

Passwords are a special case. Use a key derivation function
~~~~~~~~~~~~~~~~~~~~~~~~~~~~~~~~~~~~~~~~~~~~~~~~~~~~~~~~~~~
content/scipy-2013/data-processing-with-python-scipy2013-tutorial-5.rst:42: (WARNING/2) Inline emphasis start-string without end-string.
content/scipy-2013/data-processing-with-python-scipy2013-tutorial-5.rst:42: (WARNING/2) Inline emphasis start-string without end-string.
content/scipy-2013/data-processing-with-python-scipy2013-tutorial-5.rst:42: (WARNING/2) Inline emphasis start-string without end-string.
content/scipy-2013/data-processing-with-python-scipy2013-tutorial-5.rst:42: (WARNING/2) Inline emphasis start-string without end-string.
content/scipy-2013/data-processing-with-python-scipy2013-tutorial-5.rst:42: (WARNING/2) Inline emphasis start-string without end-string.
content/scipy-2013/data-processing-with-python-scipy2013-tutorial-5.rst:42: (WARNING/2) Inline emphasis start-string without end-string.
content/scipy-2013/data-processing-with-python-scipy2013-tutorial-5.rst:42: (WARNING/2) Inline emphasis start-string without end-string.
content/scipy-2013/data-processing-with-python-scipy2013-tutorial-5.rst:42: (WARNING/2) Inline emphasis start-string without end-string.
content/scipy-2013/data-processing-with-python-scipy2013-tutorial-5.rst:42: (WARNING/2) Inline emphasis start-string without end-string.
content/scipy-2013/data-processing-with-python-scipy2013-tutorial-5.rst:42: (WARNING/2) Inline emphasis start-string without end-string.
content/scipy-2013/data-processing-with-python-scipy2013-tutorial-5.rst:42: (WARNING/2) Inline emphasis start-string without end-string.
content/scipy-2013/data-processing-with-python-scipy2013-tutorial-5.rst:42: (WARNING/2) Inline emphasis start-string without end-string.
content/scipy-2013/data-processing-with-python-scipy2013-tutorial-5.rst:42: (WARNING/2) Inline emphasis start-string without end-string.
content/scipy-2013/data-processing-with-python-scipy2013-tutorial-5.rst:42: (WARNING/2) Inline emphasis start-string without end-string.
content/scipy-2013/data-processing-with-python-scipy2013-tutorial-5.rst:42: (WARNING/2) Inline emphasis start-string without end-string.
content/scipy-2013/data-processing-with-python-scipy2013-tutorial-5.rst:42: (WARNING/2) Inline emphasis start-string without end-string.
content/scipy-2013/data-processing-with-python-scipy2013-tutorial-5.rst:42: (WARNING/2) Inline emphasis start-string without end-string.
content/scipy-2013/data-processing-with-python-scipy2013-tutorial-5.rst:42: (WARNING/2) Inline emphasis start-string without end-string.
content/scipy-2013/data-processing-with-python-scipy2013-tutorial-5.rst:42: (WARNING/2) Inline emphasis start-string without end-string.
content/scipy-2013/data-processing-with-python-scipy2013-tutorial-5.rst:42: (WARNING/2) Inline emphasis start-string without end-string.
content/scipy-2013/data-processing-with-python-scipy2013-tutorial-6.rst:42: (WARNING/2) Inline emphasis start-string without end-string.
content/scipy-2013/data-processing-with-python-scipy2013-tutorial-6.rst:42: (WARNING/2) Inline emphasis start-string without end-string.
content/scipy-2013/data-processing-with-python-scipy2013-tutorial-6.rst:42: (WARNING/2) Inline emphasis start-string without end-string.
content/scipy-2013/data-processing-with-python-scipy2013-tutorial-6.rst:42: (WARNING/2) Inline emphasis start-string without end-string.
content/scipy-2013/data-processing-with-python-scipy2013-tutorial-6.rst:42: (WARNING/2) Inline emphasis start-string without end-string.
content/scipy-2013/data-processing-with-python-scipy2013-tutorial-6.rst:42: (WARNING/2) Inline emphasis start-string without end-string.
content/scipy-2013/data-processing-with-python-scipy2013-tutorial-6.rst:42: (WARNING/2) Inline emphasis start-string without end-string.
content/scipy-2013/data-processing-with-python-scipy2013-tutorial-6.rst:42: (WARNING/2) Inline emphasis start-string without end-string.
content/scipy-2013/data-processing-with-python-scipy2013-tutorial-6.rst:42: (WARNING/2) Inline emphasis start-string without end-string.
content/scipy-2013/data-processing-with-python-scipy2013-tutorial-6.rst:42: (WARNING/2) Inline emphasis start-string without end-string.
content/scipy-2013/data-processing-with-python-scipy2013-tutorial-6.rst:42: (WARNING/2) Inline emphasis start-string without end-string.
content/scipy-2013/data-processing-with-python-scipy2013-tutorial-6.rst:42: (WARNING/2) Inline emphasis start-string without end-string.
content/scipy-2013/data-processing-with-python-scipy2013-tutorial-6.rst:42: (WARNING/2) Inline emphasis start-string without end-string.
content/scipy-2013/data-processing-with-python-scipy2013-tutorial-6.rst:42: (WARNING/2) Inline emphasis start-string without end-string.
content/scipy-2013/data-processing-with-python-scipy2013-tutorial-6.rst:42: (WARNING/2) Inline emphasis start-string without end-string.
content/scipy-2013/data-processing-with-python-scipy2013-tutorial-6.rst:42: (WARNING/2) Inline emphasis start-string without end-string.
content/scipy-2013/data-processing-with-python-scipy2013-tutorial-6.rst:42: (WARNING/2) Inline emphasis start-string without end-string.
content/scipy-2013/data-processing-with-python-scipy2013-tutorial-6.rst:42: (WARNING/2) Inline emphasis start-string without end-string.
content/scipy-2013/data-processing-with-python-scipy2013-tutorial-6.rst:42: (WARNING/2) Inline emphasis start-string without end-string.
content/scipy-2013/data-processing-with-python-scipy2013-tutorial-6.rst:42: (WARNING/2) Inline emphasis start-string without end-string.
content/scipy-2013/data-processing-with-python-scipy2013-tutorial-7.rst:42: (WARNING/2) Inline emphasis start-string without end-string.
content/scipy-2013/data-processing-with-python-scipy2013-tutorial-7.rst:42: (WARNING/2) Inline emphasis start-string without end-string.
content/scipy-2013/data-processing-with-python-scipy2013-tutorial-7.rst:42: (WARNING/2) Inline emphasis start-string without end-string.
content/scipy-2013/data-processing-with-python-scipy2013-tutorial-7.rst:42: (WARNING/2) Inline emphasis start-string without end-string.
content/scipy-2013/data-processing-with-python-scipy2013-tutorial-7.rst:42: (WARNING/2) Inline emphasis start-string without end-string.
content/scipy-2013/data-processing-with-python-scipy2013-tutorial-7.rst:42: (WARNING/2) Inline emphasis start-string without end-string.
content/scipy-2013/data-processing-with-python-scipy2013-tutorial-7.rst:42: (WARNING/2) Inline emphasis start-string without end-string.
content/scipy-2013/data-processing-with-python-scipy2013-tutorial-7.rst:42: (WARNING/2) Inline emphasis start-string without end-string.
content/scipy-2013/data-processing-with-python-scipy2013-tutorial-7.rst:42: (WARNING/2) Inline emphasis start-string without end-string.
content/scipy-2013/data-processing-with-python-scipy2013-tutorial-7.rst:42: (WARNING/2) Inline emphasis start-string without end-string.
content/scipy-2013/data-processing-with-python-scipy2013-tutorial-7.rst:42: (WARNING/2) Inline emphasis start-string without end-string.
content/scipy-2013/data-processing-with-python-scipy2013-tutorial-7.rst:42: (WARNING/2) Inline emphasis start-string without end-string.
content/scipy-2013/data-processing-with-python-scipy2013-tutorial-7.rst:42: (WARNING/2) Inline emphasis start-string without end-string.
content/scipy-2013/data-processing-with-python-scipy2013-tutorial-7.rst:42: (WARNING/2) Inline emphasis start-string without end-string.
content/scipy-2013/data-processing-with-python-scipy2013-tutorial-7.rst:42: (WARNING/2) Inline emphasis start-string without end-string.
content/scipy-2013/data-processing-with-python-scipy2013-tutorial-7.rst:42: (WARNING/2) Inline emphasis start-string without end-string.
content/scipy-2013/data-processing-with-python-scipy2013-tutorial-7.rst:42: (WARNING/2) Inline emphasis start-string without end-string.
content/scipy-2013/data-processing-with-python-scipy2013-tutorial-7.rst:42: (WARNING/2) Inline emphasis start-string without end-string.
content/scipy-2013/data-processing-with-python-scipy2013-tutorial-7.rst:42: (WARNING/2) Inline emphasis start-string without end-string.

Error in pyvideo-data/data/pycon-au-2010/videos/pyconau-2010--virtualisation-used-in-development.json: No date provided
Error in pyvideo-data/data/pycon-au-2010/videos/pyconau-2010--what--39-s-eating-my-memory.json: No date provided
Error in pyvideo-data/data/pycon-au-2010/videos/pyconau-2010--what--39-s-new-in-django-1-2.json: No date provided
Error in pyvideo-data/data/pycon-au-2010/videos/pyconau-2010--whoops-i-deployed-again---new-ways-.json: No date provided
Error in pyvideo-data/data/pygotham-2011/videos/pygotham-2011--a-practical-guide-to-non-blocking-.json: No date provided
Error in pyvideo-data/data/pygotham-2011/videos/pygotham-2011--art--cultural-concern--and-compute.json: No date provided
Error in pyvideo-data/data/pygotham-2011/videos/pygotham-2011--boosting-the-numbers--python-for-w.json: No date provided
Error in pyvideo-data/data/pygotham-2011/videos/pygotham-2011--bosc--blender-open-sound-control.json: No date provided
Error in pyvideo-data/data/pygotham-2011/videos/pygotham-2011--building-scalable-websites-and-api.json: No date provided
Error in pyvideo-data/data/pygotham-2011/videos/pygotham-2011--go-go-gadget-python.json: No date provided
Error in pyvideo-data/data/pygotham-2011/videos/pygotham-2011--intro-to-data-visualization.json: No date provided
Error in pyvideo-data/data/pygotham-2011/videos/pygotham-2011--machine-learning-for-web-developer.json: No date provided
Error in pyvideo-data/data/pygotham-2011/videos/pygotham-2011--markov-in-python.json: No date provided
Error in pyvideo-data/data/pygotham-2011/videos/pygotham-2011--openblock--hyperlocal-django.json: No date provided
Error in pyvideo-data/data/pygotham-2011/videos/pygotham-2011--plover--thought-to-text-at-240-wpm.json: No date provided
Error in pyvideo-data/data/pygotham-2011/videos/pygotham-2011--powerful-pythonic-data-analysis-us.json: No date provided
Error in pyvideo-data/data/pygotham-2011/videos/pygotham-2011--sqlalchemy--an-architectural-retro.json: No date provided
Error in pyvideo-data/data/pygotham-2011/videos/pygotham-2011--stem-coming-to-a-stop-near-you.json: No date provided
Error in pyvideo-data/data/pygotham-2011/videos/pygotham-2011--tmux---ipython---awesome.json: No date provided
Error in pyvideo-data/data/pygotham-2011/videos/pygotham-2011-rapid-and-scalable-development-wit.json: No date provided
Error in pyvideo-data/data/pygotham-2011/videos/pygotham-2011-real-time-web-gevent-and-socketi.json: No date provided
Error in pyvideo-data/data/pygotham-2012/videos/gloriajw-apracticalguidetononblockingiocoroutines.json: No date provided
Error in pyvideo-data/data/pygotham-2012/videos/gloriajw-artculturalconcernandcomputercode967ogv.json: No date provided
Error in pyvideo-data/data/pygotham-2012/videos/gloriajw-behindthescenesatfiestaccmikedirolffiest.json: No date provided
Error in pyvideo-data/data/pygotham-2012/videos/gloriajw-bestpracticepanel786m4v.json: No date provided
Error in pyvideo-data/data/pygotham-2012/videos/gloriajw-boostingthenumberspythonforwomenanddoing.json: No date provided
Error in pyvideo-data/data/pygotham-2012/videos/gloriajw-boscblenderopensoundcontrol431ogv.json: No date provided
Error in pyvideo-data/data/pygotham-2012/videos/gloriajw-buildingscalablewebsitesandapiswithbrube.json: No date provided
Error in pyvideo-data/data/pygotham-2012/videos/gloriajw-dancrosta393m4v.json: No date provided
Error in pyvideo-data/data/pygotham-2012/videos/gloriajw-dataanalysisinpythonwithpandas105m4v.json: No date provided
Error in pyvideo-data/data/pygotham-2012/videos/gloriajw-declarativeuiswithenami607m4v.json: No date provided
Error in pyvideo-data/data/pygotham-2012/videos/gloriajw-efficientprogrammingforparallelpython502.json: No date provided
Error in pyvideo-data/data/pygotham-2012/videos/gloriajw-evolutionwithoutmigrationdancrosta10gen8.json: No date provided
Error in pyvideo-data/data/pygotham-2012/videos/gloriajw-gogogadgetpython890ogv.json: No date provided
Error in pyvideo-data/data/pygotham-2012/videos/gloriajw-informobility409m4v.json: No date provided
Error in pyvideo-data/data/pygotham-2012/videos/gloriajw-introtodatavisualization281ogv.json: No date provided
Error in pyvideo-data/data/pygotham-2012/videos/gloriajw-keynote292m4v.json: No date provided
Error in pyvideo-data/data/pygotham-2012/videos/gloriajw-keynote836m4v.json: No date provided
Error in pyvideo-data/data/pygotham-2012/videos/gloriajw-machine_learning_for_web_developersogv94.json: No date provided
Error in pyvideo-data/data/pygotham-2012/videos/gloriajw-markovinpython189ogv.json: No date provided
Error in pyvideo-data/data/pygotham-2012/videos/gloriajw-metaclassesgonewild824m4v.json: No date provided
Error in pyvideo-data/data/pygotham-2012/videos/gloriajw-mongodbandpythonmathiasstern10gen267m4v.json: No date provided
Error in pyvideo-data/data/pygotham-2012/videos/gloriajw-mongodbschemadesignkylebanker10gen849m4.json: No date provided
Error in pyvideo-data/data/pygotham-2012/videos/gloriajw-motororasynchronizingasynchronouslibrary.json: No date provided
Error in pyvideo-data/data/pygotham-2012/videos/gloriajw-notablefeaturesofpython650mp4.json: No date provided
Error in pyvideo-data/data/pygotham-2012/videos/gloriajw-openblockhyperlocaldjango521ogv.json: No date provided
Error in pyvideo-data/data/pygotham-2012/videos/gloriajw-ploverthoughttotextat240wpm591ogv.json: No date provided
Error in pyvideo-data/data/pygotham-2012/videos/gloriajw-powerfulpythonicdataanalysisusingpandas9.json: No date provided
Error in pyvideo-data/data/pygotham-2012/videos/gloriajw-pythonpettingzoo442m4v.json: No date provided
Error in pyvideo-data/data/pygotham-2012/videos/gloriajw-qa617m4v.json: No date provided
Error in pyvideo-data/data/pygotham-2012/videos/gloriajw-rapidandscalabledevelopmentwithmongodbpy.json: No date provided
Error in pyvideo-data/data/pygotham-2012/videos/gloriajw-realtimewebgeventandsocketio486ogv.json: No date provided
Error in pyvideo-data/data/pygotham-2012/videos/gloriajw-replicationinmongodbtonyhannan10gen406m.json: No date provided
Error in pyvideo-data/data/pygotham-2012/videos/gloriajw-scalingandshardingeliothororwitz10gen303.json: No date provided
Error in pyvideo-data/data/pygotham-2012/videos/gloriajw-spamcontrolontheweb469m4v.json: No date provided
Error in pyvideo-data/data/pygotham-2012/videos/gloriajw-spotifywitherikbernhardsson182m4v.json: No date provided
Error in pyvideo-data/data/pygotham-2012/videos/gloriajw-spotifywithjonaslund395m4v.json: No date provided
Error in pyvideo-data/data/pygotham-2012/videos/gloriajw-sqlalchemyanarchitecturalretrospective54.json: No date provided
Error in pyvideo-data/data/pygotham-2012/videos/gloriajw-stemcomingtoastopnearyou498ogv.json: No date provided
Error in pyvideo-data/data/pygotham-2012/videos/gloriajw-theprocessinglanguage455m4v.json: No date provided
Error in pyvideo-data/data/pygotham-2012/videos/gloriajw-timeseriesdataprocessingwithpandas369m4.json: No date provided
Error in pyvideo-data/data/pygotham-2012/videos/gloriajw-tmuxipythonawesome610m4v.json: No date provided
Error in pyvideo-data/data/pygotham-2012/videos/gloriajw-xtify215m4v.json: No date provided
Error in pyvideo-data/data/pygotham-2014/videos/enough-machine-learning-make-hacker-news-readable-.json: No date provided
13
12
Error in pyvideo-data/data/bostonpy/videos/boston-python-meetup--how-to-test-the-hard-stuff.json: No date provided
Error in pyvideo-data/data/bostonpy/videos/boston-python-meetup--testing--where-do-i-start.json: No date provided
Error in pyvideo-data/data/chipy/videos/november-2014-chipy-talks.json: No date provided
Error in pyvideo-data/data/chipy/videos/open-government-data-movement.json: No date provided
12
12
12
Error in pyvideo-data/data/pycon-us-2013/videos/apsimregions-a-gridded-modeling-framework-for-th.json: no valid media URL found

Error in pyvideo-data/data/pyohio-2011/videos/pyohio-2011--using-pymc-to-cluster-twitter-users-.json: No date provided
Error in pyvideo-data/data/pyohio-2011/videos/pyohio-2011-names-objects-and-plummeting-from.json: No date provided
Error in pyvideo-data/data/pyohio-2011/videos/pyohio-2011-procedures-objects-reusability-q.json: No date provided
Error in pyvideo-data/data/pyohio-2011/videos/pyohio-2011-squinting-at-python-objects.json: No date provided
content/europython-2014/conversing-with-people-living-in-poverty.rst:: (ERROR/3) Anonymous hyperlink mismatch: 1 references but 0 targets.
See "backrefs" attribute for IDs.
content/pycon-za-2015/thursday-lightning-talks.rst:26: (WARNING/2) Inline strong start-string without end-string.
content/pycon-za-2015/thursday-lightning-talks.rst:28: (WARNING/2) Inline strong start-string without end-string.
Error in pyvideo-data/data/djangocon-2011/videos/djangocon-2011--why-the-django-documentation-suck.json: No date provided
Error in pyvideo-data/data/djangocon-2011/videos/djangocon-2011--y--39-all-wanna-scrape-with-us--c.json: No date provided
Error in pyvideo-data/data/djangocon-2011/videos/stop-tilting-at-windmills-spotting-bottlenecks.json: No date provided
content/djangocon-2012/cryptography-for-django-applications.rst:76: (SEVERE/4) Title level inconsistent:

Passwords are a special case. Use a key derivation function
~~~~~~~~~~~~~~~~~~~~~~~~~~~~~~~~~~~~~~~~~~~~~~~~~~~~~~~~~~~
Error in pyvideo-data/data/pycon-us-2009/videos/pycon-2009--paver--easy-build-and-deployment-auto.json: No date provided
Error in pyvideo-data/data/pycon-us-2009/videos/pycon-2009--plenary--afternoon-lightning-talks.json: No date provided
Error in pyvideo-data/data/pycon-us-2009/videos/pycon-2009--plenary--intro-to-sprinting.json: No date provided
Error in pyvideo-data/data/pycon-us-2009/videos/pycon-2009--plenary--morning-lightning-talks--sat.json: No date provided
Error in pyvideo-data/data/pycon-us-2009/videos/pycon-2009--plenary--morning-lightning-talks.json: No date provided
Error in pyvideo-data/data/pycon-us-2009/videos/pycon-2009--plenary--sprint-intro.json: No date provided
Error in pyvideo-data/data/pycon-us-2009/videos/pycon-2009--py-test-ii---cross-platform-and-dist0.json: No date provided
Error in pyvideo-data/data/pycon-us-2009/videos/pycon-2009--py-test-ii---cross-platform-and-dist1.json: No date provided
Error in pyvideo-data/data/pycon-us-2009/videos/pycon-2009--py-test-ii---cross-platform-and-distr.json: No date provided
Error in pyvideo-data/data/pycon-us-2009/videos/pycon-2009--pylons-on-jython---96.json: No date provided
Error in pyvideo-data/data/pycon-us-2009/videos/pycon-2009--pymite--python-on-a-chip.json: No date provided
Error in pyvideo-data/data/pycon-us-2009/videos/pycon-2009--pymite-lighting-talk.json: No date provided
Error in pyvideo-data/data/pycon-us-2009/videos/pycon-2009--python-102--part-1-of-3.json: No date provided
Error in pyvideo-data/data/pycon-us-2009/videos/pycon-2009--python-102--part-2-of-3.json: No date provided
Error in pyvideo-data/data/pycon-us-2009/videos/pycon-2009--python-102--part-3-of-3.json: No date provided
Error in pyvideo-data/data/pycon-us-2009/videos/pycon-2009--python-401--some-advanced-topics--pa0.json: No date provided
Error in pyvideo-data/data/pycon-us-2009/videos/pycon-2009--python-401--some-advanced-topics--pa1.json: No date provided
Error in pyvideo-data/data/pycon-us-2009/videos/pycon-2009--python-401--some-advanced-topics--par.json: No date provided
Error in pyvideo-data/data/pycon-us-2009/videos/pycon-2009--python-for-teachers--and-teachers-of-.json: No date provided
Error in pyvideo-data/data/pycon-us-2009/videos/pycon-2009--python-for-teachers--and-teachers-of0.json: No date provided
Error in pyvideo-data/data/pycon-us-2009/videos/pycon-2009--scrape-the-web--strategies-for-progr0.json: No date provided
Error in pyvideo-data/data/pycon-us-2009/videos/pycon-2009--scrape-the-web--strategies-for-progr1.json: No date provided
Error in pyvideo-data/data/pycon-us-2009/videos/pycon-2009--scrape-the-web--strategies-for-progra.json: No date provided
Error in pyvideo-data/data/pycon-us-2009/videos/pycon-2009--the--lack-of--design-patterns-in-pyth.json: No date provided
Error in pyvideo-data/data/pycon-us-2009/videos/pycon-2009--the-big-f--39-ing-tutorial--developm0.json: No date provided
Error in pyvideo-data/data/pycon-us-2009/videos/pycon-2009--the-big-f--39-ing-tutorial--developm1.json: No date provided
Error in pyvideo-data/data/pycon-us-2009/videos/pycon-2009--the-big-f--39-ing-tutorial--developme.json: No date provided
Error in pyvideo-data/data/pycon-us-2009/videos/pycon-2009--the-state-of-django---76.json: No date provided
Error in pyvideo-data/data/pycon-us-2009/videos/pycon-2009--the-state-of-the-python-community--le.json: No date provided
Error in pyvideo-data/data/pycon-us-2009/videos/pycon-2009--toscawidgets--test-driven-modular-aj0.json: No date provided
Error in pyvideo-data/data/pycon-us-2009/videos/pycon-2009--toscawidgets--test-driven-modular-aja.json: No date provided
Error in pyvideo-data/data/pycon-us-2009/videos/pycon-2009--using-twisted-deferreds--part-1-of-3.json: No date provided
Error in pyvideo-data/data/pycon-us-2009/videos/pycon-2009--using-twisted-deferreds--part-2-of-3.json: No date provided
Error in pyvideo-data/data/pycon-us-2009/videos/pycon-2009--using-twisted-deferreds--part-3-of-3.json: No date provided
Error in pyvideo-data/data/pycon-us-2009/videos/pycon-2009-pypy-status-talk-72.json: No date provided
Error in pyvideo-data/data/pycon-us-2009/videos/python-101--1-of-2.json: No date provided
Error in pyvideo-data/data/pycon-us-2009/videos/python-101--2-of-2.json: No date provided
Error in pyvideo-data/data/pycon-us-2009/videos/tour-of-python-standard-library--3-of-3.json: No date provided
12
12
12
12
12
12
Error in pyvideo-data/data/scipy-2014/videos/time-series-analysis-network-security.json: No date provided
12
Error in pyvideo-data/data/twitter-university-2014/videos/python-27-python-3-sacred-love-story.json: No date provided
Error in pyvideo-data/data/kiwi-pycon-2009/videos/brendan-mccane---introductory-programming-with-py.json: No date provided
Error in pyvideo-data/data/kiwi-pycon-2009/videos/brian-thorne---computer-vision.json: No date provided
Error in pyvideo-data/data/kiwi-pycon-2009/videos/douglas-bagnall---pyserf---a-shortcut-for-writing.json: No date provided
Error in pyvideo-data/data/kiwi-pycon-2009/videos/douglas-bagnall---te-tuhi-video-game-system.json: No date provided
Error in pyvideo-data/data/kiwi-pycon-2009/videos/grant-paton-simpson---sofa-statistics---developin.json: No date provided
Error in pyvideo-data/data/kiwi-pycon-2009/videos/guy-kloss---python-data-plotting-and-visualisatio.json: No date provided
Error in pyvideo-data/data/kiwi-pycon-2009/videos/indy-liu---building-web-animation-application-wit.json: No date provided
Error in pyvideo-data/data/kiwi-pycon-2009/videos/joel-burton---a-smart-introduction-to-plone.json: No date provided
Error in pyvideo-data/data/kiwi-pycon-2009/videos/joel-burton---why-python-web-frameworks-are-chang.json: No date provided
Error in pyvideo-data/data/kiwi-pycon-2009/videos/lightning-talks.json: No date provided
Error in pyvideo-data/data/kiwi-pycon-2009/videos/michael-dunstan---testing-demo.json: No date provided
Error in pyvideo-data/data/kiwi-pycon-2009/videos/michael-hudson---how-we-use-twisted-in-launchpad.json: No date provided
Error in pyvideo-data/data/kiwi-pycon-2009/videos/michael-hudson-doyle---an-introduction-to-pypy.json: No date provided
Error in pyvideo-data/data/kiwi-pycon-2009/videos/richard-clark---the-living-coder.json: No date provided
Error in pyvideo-data/data/kiwi-pycon-2009/videos/richard-jones---making-django-awesomer.json: No date provided
Error in pyvideo-data/data/kiwi-pycon-2009/videos/richard-jones---tkinter-doesn--39-t-suck--honest.json: No date provided
Error in pyvideo-data/data/kiwi-pycon-2009/videos/richard-tew---stackless-python-101.json: No date provided
Error in pyvideo-data/data/kiwi-pycon-2009/videos/robert-coup----me-wants-it--scraping-sites-to-get.json: No date provided
Error in pyvideo-data/data/kiwi-pycon-2009/videos/robert-coup---monitoring-and-debugging-your-live-.json: No date provided
Error in pyvideo-data/data/kiwi-pycon-2009/videos/roman-joost---get-started-with-zope3.json: No date provided
Error in pyvideo-data/data/kiwi-pycon-2009/videos/roman-joost---grok-or-how-zope3-reinvented-itself.json: No date provided
Error in pyvideo-data/data/kiwi-pycon-2009/videos/roman-joost---interfacing-with-gimp-using-python.json: No date provided
12
Error in pyvideo-data/data/scipy-2013/videos/symbolic-computing-sympy-scipy2013-tutorial-part-1.json: No date provided
content/scipy-2014/anatomy-of-matplotlib-part-1.rst:37: (SEVERE/4) Title level inconsistent:

`matplotlib.org <http://matplotlib.org>`__
~~~~~~~~~~~~~~~~~~~~~~~~~~~~~~~~~~~~~~~~~~
content/scipy-2014/anatomy-of-matplotlib-part-2.rst:37: (SEVERE/4) Title level inconsistent:

`matplotlib.org <http://matplotlib.org>`__
~~~~~~~~~~~~~~~~~~~~~~~~~~~~~~~~~~~~~~~~~~
content/scipy-2014/anatomy-of-matplotlib-part-3.rst:37: (SEVERE/4) Title level inconsistent:

`matplotlib.org <http://matplotlib.org>`__
~~~~~~~~~~~~~~~~~~~~~~~~~~~~~~~~~~~~~~~~~~
12
12
12
Error in pyvideo-data/data/djangocon-eu-2011/videos/0_taming-runtime-dynamic-models-with-djangom4v.json: No date provided
Error in pyvideo-data/data/djangocon-eu-2011/videos/0_the-best-and-worst-of-django-corem4v.json: No date provided
Error in pyvideo-data/data/djangocon-eu-2011/videos/0_the-django-orm-and-multilingual-database-conten.json: No date provided
Error in pyvideo-data/data/djangocon-eu-2011/videos/0_the-impact-of-djangom4v.json: No date provided
Error in pyvideo-data/data/djangocon-eu-2011/videos/0_unjoinify-a-module-to-tame-the-sql-beastm4v.json: No date provided
Error in pyvideo-data/data/djangocon-eu-2011/videos/0_whither-djangom4v.json: No date provided
Error in pyvideo-data/data/djangocon-eu-2011/videos/0_who-cares-about-zopem4v.json: No date provided
Error in pyvideo-data/data/pytexas-2011/videos/about-python-namespaces--and-code-objects.json: No date provided
Error in pyvideo-data/data/pytexas-2011/videos/asynchronous-web-development-with-tornado.json: No date provided
Error in pyvideo-data/data/pytexas-2011/videos/cassandra-for-python-developers.json: No date provided
Error in pyvideo-data/data/pytexas-2011/videos/custom-decorators-for-authentication-and-authoriz.json: No date provided
Error in pyvideo-data/data/pytexas-2011/videos/daemon-slaying--or--unix-daemons-in-python-for-fu.json: No date provided
Error in pyvideo-data/data/pytexas-2011/videos/getting-started-with-pymongo.json: No date provided
Error in pyvideo-data/data/pytexas-2011/videos/lightning-talk1.json: No date provided
Error in pyvideo-data/data/pytexas-2011/videos/logging-de-mystified--basics-to-advanced.json: No date provided
Error in pyvideo-data/data/pytexas-2011/videos/packaging.json: No date provided
Error in pyvideo-data/data/pytexas-2011/videos/programming-a-simple-game-in-python.json: No date provided
Error in pyvideo-data/data/pytexas-2011/videos/simplify-your--python--life.json: No date provided
Error in pyvideo-data/data/pytexas-2011/videos/the-magic-of-metaprogramming.json: No date provided
Error in pyvideo-data/data/pytexas-2011/videos/using-message-queues-for-distributed-processing.json: No date provided
Error in pyvideo-data/data/pytexas-2011/videos/virtualenv--pip--and-virtualenvwrapper.json: No date provided
12
content/pycon-au-2015/inviting-code.rst:45: (WARNING/2) Line block ends without a blank line.
content/pycon-au-2015/inviting-code.rst:46: (WARNING/2) Bullet list ends without a blank line; unexpected unindent.
content/scipy-2014/anatomy-of-matplotlib-part-1.rst:37: (SEVERE/4) Title level inconsistent:

`matplotlib.org <http://matplotlib.org>`__
~~~~~~~~~~~~~~~~~~~~~~~~~~~~~~~~~~~~~~~~~~
content/scipy-2014/anatomy-of-matplotlib-part-2.rst:37: (SEVERE/4) Title level inconsistent:

`matplotlib.org <http://matplotlib.org>`__
~~~~~~~~~~~~~~~~~~~~~~~~~~~~~~~~~~~~~~~~~~
content/scipy-2014/anatomy-of-matplotlib-part-3.rst:37: (SEVERE/4) Title level inconsistent:

`matplotlib.org <http://matplotlib.org>`__
~~~~~~~~~~~~~~~~~~~~~~~~~~~~~~~~~~~~~~~~~~
content/scipy-2014/bayesian-statistical-analysis-using-python-part-0.rst:54: (WARNING/2) Explicit markup ends without a blank line; unexpected unindent.
content/scipy-2014/bayesian-statistical-analysis-using-python-part-1.rst:54: (WARNING/2) Explicit markup ends without a blank line; unexpected unindent.
content/scipy-2014/bayesian-statistical-analysis-using-python-part.rst:54: (WARNING/2) Explicit markup ends without a blank line; unexpected unindent.
content/europython-2011/pypy-hands-on-0.rst:91: (WARNING/2) Literal block expected; none found.
content/europython-2011/pypy-hands-on-0.rst:99: (WARNING/2) Literal block expected; none found.
content/europython-2011/pypy-hands-on.rst:91: (WARNING/2) Literal block expected; none found.
content/europython-2011/pypy-hands-on.rst:99: (WARNING/2) Literal block expected; none found.
content/scipy-2014/socialite-python-intergrated-query-language-for.rst:30: (WARNING/2) Line block ends without a blank line.
content/scipy-2014/wcsaxes-a-framework-for-plotting-astronomical-an.rst:47: (WARNING/2) Explicit markup ends without a blank line; unexpected unindent.
content/chipy/post-djangocon-an-overview-of-edx.rst:19: (WARNING/2) Line block ends without a blank line.
content/pycon-au-2013/build-your-infrastructure-with-python.rst:30: (WARNING/2) Bullet list ends without a blank line; unexpected unindent.
content/pycon-au-2013/salt-how-to-be-truly-lazy.rst:26: (WARNING/2) Line block ends without a blank line.
content/scipy-2013/data-processing-with-python-scipy2013-tutorial-7.rst:42: (WARNING/2) Inline emphasis start-string without end-string.
